---
source: crates/iota/tests/ptb_files_tests.rs
expression: "results.join(\"\\n\")"
---
 === PREVIEW === 
╭───────────────────────────────────────────────────╮
│ PTB Preview                                       │
├───────────────┬───────────────────────────────────┤
│ command       │ values                            │
├───────────────┼───────────────────────────────────┤
│ assign        │ s @0x1                            │
│ move-call     │ iota::coin::value<iota::iota::IOTA> s │
│ make-move-vec │ <address> [s]                     │
├───────────────┼───────────────────────────────────┤
│ gas-budget    │ 100000                            │
╰───────────────┴───────────────────────────────────╯
 === BUILT PTB === 
Input 0: ImmutableOrOwnedObject
Command 0: MoveCall(0x0000000000000000000000000000000000000000000000000000000000000002::coin::value<0x2::iota::IOTA>(Input(0)))
Command 1: MakeMoveVec(Someaddress,[Input(0)])
