---
source: crates/iota-e2e-tests/tests/snapshot_tests.rs
expression: "run_one(cmds, context).await?"
---
[
  "iota client objects {ME}",
  [
    {
      "data": {
        "objectId": "0x239c0e67c1d0237586af6dec711bd7c6c9496e7ac8b35e3e6df24c27030559da",
        "version": "1",
        "digest": "8nL2C1HMRSjubtD8XeH9beBs3gHz2soBp6cZph8YAA8j",
        "type": "0x2::coin::Coin<0x2::iota::IOTA>",
        "owner": {
          "AddressOwner": "0x00a059cf7241f92b9c716dd5bc2077b32a180a784d907359d007f00cb76970e1"
        },
        "previousTransaction": "DQa8r9XZcquYpjLpZ4DujsX3jFsy87iTLvC5AbR8Qfqq",
        "storageRebate": "0",
        "content": {
          "dataType": "moveObject",
          "type": "0x2::coin::Coin<0x2::iota::IOTA>",
          "fields": {
            "balance": "30000000000000000",
            "id": {
              "id": "0x239c0e67c1d0237586af6dec711bd7c6c9496e7ac8b35e3e6df24c27030559da"
            }
          }
        }
      }
    },
    {
      "data": {
        "objectId": "0x4b1561b050cd8dab26de6daf853081c24490a0cdd42b066ceac3e280504e6735",
        "version": "1",
        "digest": "EKKFoQDJJ6pa2GmeNA1yNSzCP76pZX1o77svZTbFxEL7",
        "type": "0x2::coin::Coin<0x2::iota::IOTA>",
        "owner": {
          "AddressOwner": "0x00a059cf7241f92b9c716dd5bc2077b32a180a784d907359d007f00cb76970e1"
        },
        "previousTransaction": "DQa8r9XZcquYpjLpZ4DujsX3jFsy87iTLvC5AbR8Qfqq",
        "storageRebate": "0",
        "content": {
          "dataType": "moveObject",
          "type": "0x2::coin::Coin<0x2::iota::IOTA>",
          "fields": {
            "balance": "30000000000000000",
            "id": {
              "id": "0x4b1561b050cd8dab26de6daf853081c24490a0cdd42b066ceac3e280504e6735"
            }
          }
        }
      }
    },
    {
      "data": {
        "objectId": "0xaf5d50b4ba22b3386f32d58522096651967fc9170518d7138942240cccbd759a",
        "version": "1",
        "digest": "CpfG5nBqBarBk9vBV6mKUgEJ5REc99sBmQBrnsn2qE3P",
        "type": "0x2::coin::Coin<0x2::iota::IOTA>",
        "owner": {
          "AddressOwner": "0x00a059cf7241f92b9c716dd5bc2077b32a180a784d907359d007f00cb76970e1"
        },
        "previousTransaction": "DQa8r9XZcquYpjLpZ4DujsX3jFsy87iTLvC5AbR8Qfqq",
        "storageRebate": "0",
        "content": {
          "dataType": "moveObject",
          "type": "0x2::coin::Coin<0x2::iota::IOTA>",
          "fields": {
            "balance": "30000000000000000",
            "id": {
              "id": "0xaf5d50b4ba22b3386f32d58522096651967fc9170518d7138942240cccbd759a"
            }
          }
        }
      }
    },
    {
      "data": {
        "objectId": "0xb01af1f557df5884b12d0c8f64bf0b9e7c8a519673742434b0dd4024841de1a5",
        "version": "1",
        "digest": "4m7ojgZzqsHWQDXv7W8ia7jKar2zAuK4gHHXkCyX7UaN",
        "type": "0x2::coin::Coin<0x2::iota::IOTA>",
        "owner": {
          "AddressOwner": "0x00a059cf7241f92b9c716dd5bc2077b32a180a784d907359d007f00cb76970e1"
        },
        "previousTransaction": "DQa8r9XZcquYpjLpZ4DujsX3jFsy87iTLvC5AbR8Qfqq",
        "storageRebate": "0",
        "content": {
          "dataType": "moveObject",
          "type": "0x2::coin::Coin<0x2::iota::IOTA>",
          "fields": {
            "balance": "30000000000000000",
            "id": {
              "id": "0xb01af1f557df5884b12d0c8f64bf0b9e7c8a519673742434b0dd4024841de1a5"
            }
          }
        }
      }
    },
    {
      "data": {
        "objectId": "0xf314c9f8b3b997ad7a9454b590c71b1d50d7d67aa8c7b7a6cdc3d595b55e297f",
        "version": "1",
        "digest": "PZca4BJVr3gWLPYXLURmpNLmEHkMrDz5Td8kUZqv2Rv",
        "type": "0x2::coin::Coin<0x2::iota::IOTA>",
        "owner": {
          "AddressOwner": "0x00a059cf7241f92b9c716dd5bc2077b32a180a784d907359d007f00cb76970e1"
        },
        "previousTransaction": "DQa8r9XZcquYpjLpZ4DujsX3jFsy87iTLvC5AbR8Qfqq",
        "storageRebate": "0",
        "content": {
          "dataType": "moveObject",
          "type": "0x2::coin::Coin<0x2::iota::IOTA>",
          "fields": {
            "balance": "30000000000000000",
            "id": {
              "id": "0xf314c9f8b3b997ad7a9454b590c71b1d50d7d67aa8c7b7a6cdc3d595b55e297f"
            }
          }
        }
      }
    }
  ],
  "iota client objects 0x0000000000000000000000000000000000000000000000000000000000000000",
  [],
  "iota client object 0x5",
  [
    {
      "data": {
        "objectId": "0x0000000000000000000000000000000000000000000000000000000000000005",
        "version": "1",
        "digest": "Hh6D3MbK7ufnUgrABumJ2qzKNrk9KG9VyBnWo2yYjiUN",
        "type": "0x3::iota_system::IotaSystemState",
        "owner": {
          "Shared": {
            "initial_shared_version": 1
          }
        },
        "previousTransaction": "DQa8r9XZcquYpjLpZ4DujsX3jFsy87iTLvC5AbR8Qfqq",
        "storageRebate": "0",
        "content": {
          "dataType": "moveObject",
          "type": "0x3::iota_system::IotaSystemState",
          "fields": {
            "id": {
              "id": "0x0000000000000000000000000000000000000000000000000000000000000005"
            },
            "version": "1"
          }
        }
      }
    }
  ],
  "iota client object 0x5 --bcs",
  [
    {
      "data": {
        "objectId": "0x0000000000000000000000000000000000000000000000000000000000000005",
        "version": "1",
        "digest": "Hh6D3MbK7ufnUgrABumJ2qzKNrk9KG9VyBnWo2yYjiUN",
        "type": "0x3::iota_system::IotaSystemState",
        "owner": {
          "Shared": {
            "initial_shared_version": 1
          }
        },
        "previousTransaction": "DQa8r9XZcquYpjLpZ4DujsX3jFsy87iTLvC5AbR8Qfqq",
        "storageRebate": "0",
        "bcs": {
          "dataType": "moveObject",
          "type": "0x3::iota_system::IotaSystemState",
          "version": 1,
          "bcsBytes": "AAAAAAAAAAAAAAAAAAAAAAAAAAAAAAAAAAAAAAAAAAUBAAAAAAAAAA=="
        }
      }
    }
  ],
  "iota client object 0x0000000000000000000000000000000000000000000000000000000000000000",
  [
    {
      "error": {
        "code": "notExists",
        "object_id": "0x0000000000000000000000000000000000000000000000000000000000000000"
      }
    }
  ],
  "iota client tx-block 5zibcom3dMckjyN16ygFwr5XNa9Exi1MmY3BQs984x1N",
  "ErrorObject { code: InvalidParams, message: \"Could not find the referenced transaction [TransactionDigest(5zibcom3dMckjyN16ygFwr5XNa9Exi1MmY3BQs984x1N)].\", data: None }",
  "iota client tx-block 11111111111111111111111111111111",
  "ErrorObject { code: InvalidParams, message: \"Could not find the referenced transaction [TransactionDigest(11111111111111111111111111111111)].\", data: None }"
]
