---
source: crates/iota-swarm-config/tests/snapshot_tests.rs
expression: genesis_config
---
ssfn_config_info: ~
validator_config_info: ~
parameters:
  chain_start_timestamp_ms: 0
  protocol_version: 1
  allow_insertion_of_extra_objects: true
  epoch_duration_ms: 86400000
  stake_subsidy_start_epoch: 18446744073709551615
  stake_subsidy_initial_distribution_amount: 0
  stake_subsidy_period_length: 18446744073709551615
  stake_subsidy_decrease_rate: 0
accounts:
  - address: "0xebb23f93d022ac213e99ac7d85b7f7e1e4a18f045b379755565cffa08804c9a1"
    gas_amounts:
      - 30000000000000000
      - 30000000000000000
      - 30000000000000000
      - 30000000000000000
      - 30000000000000000
  - address: "0xebb23f93d022ac213e99ac7d85b7f7e1e4a18f045b379755565cffa08804c9a1"
    gas_amounts:
      - 30000000000000000
      - 30000000000000000
      - 30000000000000000
      - 30000000000000000
      - 30000000000000000
  - address: "0xebb23f93d022ac213e99ac7d85b7f7e1e4a18f045b379755565cffa08804c9a1"
    gas_amounts:
      - 30000000000000000
      - 30000000000000000
      - 30000000000000000
      - 30000000000000000
      - 30000000000000000
  - address: "0xebb23f93d022ac213e99ac7d85b7f7e1e4a18f045b379755565cffa08804c9a1"
    gas_amounts:
      - 30000000000000000
      - 30000000000000000
      - 30000000000000000
      - 30000000000000000
      - 30000000000000000
  - address: "0xebb23f93d022ac213e99ac7d85b7f7e1e4a18f045b379755565cffa08804c9a1"
    gas_amounts:
      - 30000000000000000
      - 30000000000000000
      - 30000000000000000
      - 30000000000000000
      - 30000000000000000
